2026-05-24 13:07:38,303 - main - INFO - Starting up Nexus PM API...
2026-05-24 13:07:38,545 - sqlalchemy.engine.Engine - INFO - select pg_catalog.version()
2026-05-24 13:07:38,546 - sqlalchemy.engine.Engine - INFO - [raw sql] ()
2026-05-24 13:07:38,599 - sqlalchemy.engine.Engine - INFO - select current_schema()
2026-05-24 13:07:38,600 - sqlalchemy.engine.Engine - INFO - [raw sql] ()
2026-05-24 13:07:38,607 - sqlalchemy.engine.Engine - INFO - show standard_conforming_strings
2026-05-24 13:07:38,607 - sqlalchemy.engine.Engine - INFO - [raw sql] ()
2026-05-24 13:07:38,610 - sqlalchemy.engine.Engine - INFO - BEGIN (implicit)
2026-05-24 13:07:38,617 - sqlalchemy.engine.Engine - INFO - SELECT pg_catalog.pg_class.relname 
FROM pg_catalog.pg_class JOIN pg_catalog.pg_namespace ON pg_catalog.pg_namespace.oid = pg_catalog.pg_class.relnamespace 
WHERE pg_catalog.pg_class.relname = $1::VARCHAR AND pg_catalog.pg_class.relkind = ANY (ARRAY[$2::VARCHAR, $3::VARCHAR, $4::VARCHAR, $5::VARCHAR, $6::VARCHAR]) AND pg_catalog.pg_table_is_visible(pg_catalog.pg_class.oid) AND pg_catalog.pg_namespace.nspname != $7::VARCHAR
2026-05-24 13:07:38,618 - sqlalchemy.engine.Engine - INFO - [generated in 0.00147s] ('users', 'r', 'p', 'f', 'v', 'm', 'pg_catalog')
2026-05-24 13:07:38,704 - sqlalchemy.engine.Engine - INFO - SELECT pg_catalog.pg_class.relname 
FROM pg_catalog.pg_class JOIN pg_catalog.pg_namespace ON pg_catalog.pg_namespace.oid = pg_catalog.pg_class.relnamespace 
WHERE pg_catalog.pg_class.relname = $1::VARCHAR AND pg_catalog.pg_class.relkind = ANY (ARRAY[$2::VARCHAR, $3::VARCHAR, $4::VARCHAR, $5::VARCHAR, $6::VARCHAR]) AND pg_catalog.pg_table_is_visible(pg_catalog.pg_class.oid) AND pg_catalog.pg_namespace.nspname != $7::VARCHAR
2026-05-24 13:07:38,705 - sqlalchemy.engine.Engine - INFO - [cached since 0.08827s ago] ('projects', 'r', 'p', 'f', 'v', 'm', 'pg_catalog')
2026-05-24 13:07:38,707 - sqlalchemy.engine.Engine - INFO - COMMIT
2026-05-24 13:07:38,709 - main - INFO - Database tables created successfully
2026-05-24 13:08:53,728 - sqlalchemy.engine.Engine - INFO - BEGIN (implicit)
2026-05-24 13:08:53,734 - sqlalchemy.engine.Engine - INFO - SELECT users.id, users.email, users.password, users.created_at, users.updated_at 
FROM users 
WHERE users.email = $1::VARCHAR
2026-05-24 13:08:53,735 - sqlalchemy.engine.Engine - INFO - [generated in 0.00067s] ('cholan0415@gmail.com',)
2026-05-24 13:08:53,758 - sqlalchemy.engine.Engine - INFO - ROLLBACK
2026-05-24 13:08:53,759 - main - ERROR - Unhandled exception: (sqlalchemy.dialects.postgresql.asyncpg.ProgrammingError) <class 'asyncpg.exceptions.UndefinedColumnError'>: column users.created_at does not exist
[SQL: SELECT users.id, users.email, users.password, users.created_at, users.updated_at 
FROM users 
WHERE users.email = $1::VARCHAR]
[parameters: ('cholan0415@gmail.com',)]
(Background on this error at: https://sqlalche.me/e/20/f405)
Traceback (most recent call last):
  File "C:\Users\Choolan Kinnera\AppData\Roaming\Python\Python313\site-packages\sqlalchemy\dialects\postgresql\asyncpg.py", line 526, in _prepare_and_execute
    prepared_stmt, attributes = await adapt_connection._prepare(
                                ^^^^^^^^^^^^^^^^^^^^^^^^^^^^^^^^
        operation, self._invalidate_schema_cache_asof
        ^^^^^^^^^^^^^^^^^^^^^^^^^^^^^^^^^^^^^^^^^^^^^
    )
    ^
  File "C:\Users\Choolan Kinnera\AppData\Roaming\Python\Python313\site-packages\sqlalchemy\dialects\postgresql\asyncpg.py", line 773, in _prepare
    prepared_stmt = await self._connection.prepare(
                    ^^^^^^^^^^^^^^^^^^^^^^^^^^^^^^^
        operation, name=self._prepared_statement_name_func()
        ^^^^^^^^^^^^^^^^^^^^^^^^^^^^^^^^^^^^^^^^^^^^^^^^^^^^
    )
    ^
  File "C:\Users\Choolan Kinnera\AppData\Roaming\Python\Python313\site-packages\asyncpg\connection.py", line 638, in prepare
    return await self._prepare(
           ^^^^^^^^^^^^^^^^^^^^
    ...<4 lines>...
    )
    ^
  File "C:\Users\Choolan Kinnera\AppData\Roaming\Python\Python313\site-packages\asyncpg\connection.py", line 657, in _prepare
    stmt = await self._get_statement(
           ^^^^^^^^^^^^^^^^^^^^^^^^^^
    ...<5 lines>...
    )
    ^
  File "C:\Users\Choolan Kinnera\AppData\Roaming\Python\Python313\site-packages\asyncpg\connection.py", line 443, in _get_statement
    statement = await self._protocol.prepare(
                ^^^^^^^^^^^^^^^^^^^^^^^^^^^^^
    ...<5 lines>...
    )
    ^
  File "asyncpg/protocol/protocol.pyx", line 165, in prepare
asyncpg.exceptions.UndefinedColumnError: column users.created_at does not exist

The above exception was the direct cause of the following exception:

Traceback (most recent call last):
  File "C:\Users\Choolan Kinnera\AppData\Roaming\Python\Python313\site-packages\sqlalchemy\engine\base.py", line 1967, in _exec_single_context
    self.dialect.do_execute(
    ~~~~~~~~~~~~~~~~~~~~~~~^
        cursor, str_statement, effective_parameters, context
        ^^^^^^^^^^^^^^^^^^^^^^^^^^^^^^^^^^^^^^^^^^^^^^^^^^^^
    )
    ^
  File "C:\Users\Choolan Kinnera\AppData\Roaming\Python\Python313\site-packages\sqlalchemy\engine\default.py", line 952, in do_execute
    cursor.execute(statement, parameters)
    ~~~~~~~~~~~~~~^^^^^^^^^^^^^^^^^^^^^^^
  File "C:\Users\Choolan Kinnera\AppData\Roaming\Python\Python313\site-packages\sqlalchemy\dialects\postgresql\asyncpg.py", line 585, in execute
    self._adapt_connection.await_(
    ~~~~~~~~~~~~~~~~~~~~~~~~~~~~~^
        self._prepare_and_execute(operation, parameters)
        ^^^^^^^^^^^^^^^^^^^^^^^^^^^^^^^^^^^^^^^^^^^^^^^^
    )
    ^
  File "C:\Users\Choolan Kinnera\AppData\Roaming\Python\Python313\site-packages\sqlalchemy\util\_concurrency_py3k.py", line 132, in await_only
    return current.parent.switch(awaitable)  # type: ignore[no-any-return,attr-defined] # noqa: E501
           ~~~~~~~~~~~~~~~~~~~~~^^^^^^^^^^^
  File "C:\Users\Choolan Kinnera\AppData\Roaming\Python\Python313\site-packages\sqlalchemy\util\_concurrency_py3k.py", line 196, in greenlet_spawn
    value = await result
            ^^^^^^^^^^^^
  File "C:\Users\Choolan Kinnera\AppData\Roaming\Python\Python313\site-packages\sqlalchemy\dialects\postgresql\asyncpg.py", line 563, in _prepare_and_execute
    self._handle_exception(error)
    ~~~~~~~~~~~~~~~~~~~~~~^^^^^^^
  File "C:\Users\Choolan Kinnera\AppData\Roaming\Python\Python313\site-packages\sqlalchemy\dialects\postgresql\asyncpg.py", line 513, in _handle_exception
    self._adapt_connection._handle_exception(error)
    ~~~~~~~~~~~~~~~~~~~~~~~~~~~~~~~~~~~~~~~~^^^^^^^
  File "C:\Users\Choolan Kinnera\AppData\Roaming\Python\Python313\site-packages\sqlalchemy\dialects\postgresql\asyncpg.py", line 797, in _handle_exception
    raise translated_error from error
sqlalchemy.dialects.postgresql.asyncpg.AsyncAdapt_asyncpg_dbapi.ProgrammingError: <class 'asyncpg.exceptions.UndefinedColumnError'>: column users.created_at does not exist

The above exception was the direct cause of the following exception:

Traceback (most recent call last):
  File "C:\Users\Choolan Kinnera\AppData\Roaming\Python\Python313\site-packages\starlette\middleware\errors.py", line 164, in __call__
    await self.app(scope, receive, _send)
  File "C:\Users\Choolan Kinnera\AppData\Roaming\Python\Python313\site-packages\starlette\middleware\trustedhost.py", line 51, in __call__
    await self.app(scope, receive, send)
  File "C:\Users\Choolan Kinnera\AppData\Roaming\Python\Python313\site-packages\starlette\middleware\cors.py", line 87, in __call__
    await self.app(scope, receive, send)
  File "C:\Users\Choolan Kinnera\AppData\Roaming\Python\Python313\site-packages\starlette\middleware\exceptions.py", line 63, in __call__
    await wrap_app_handling_exceptions(self.app, conn)(scope, receive, send)
  File "C:\Users\Choolan Kinnera\AppData\Roaming\Python\Python313\site-packages\starlette\_exception_handler.py", line 53, in wrapped_app
    raise exc
  File "C:\Users\Choolan Kinnera\AppData\Roaming\Python\Python313\site-packages\starlette\_exception_handler.py", line 42, in wrapped_app
    await app(scope, receive, sender)
  File "C:\Users\Choolan Kinnera\AppData\Roaming\Python\Python313\site-packages\fastapi\middleware\asyncexitstack.py", line 18, in __call__
    await self.app(scope, receive, send)
  File "C:\Users\Choolan Kinnera\AppData\Roaming\Python\Python313\site-packages\starlette\routing.py", line 716, in __call__
    await self.middleware_stack(scope, receive, send)
  File "C:\Users\Choolan Kinnera\AppData\Roaming\Python\Python313\site-packages\starlette\routing.py", line 736, in app
    await route.handle(scope, receive, send)
  File "C:\Users\Choolan Kinnera\AppData\Roaming\Python\Python313\site-packages\starlette\routing.py", line 290, in handle
    await self.app(scope, receive, send)
  File "C:\Users\Choolan Kinnera\AppData\Roaming\Python\Python313\site-packages\fastapi\routing.py", line 130, in app
    await wrap_app_handling_exceptions(app, request)(scope, receive, send)
  File "C:\Users\Choolan Kinnera\AppData\Roaming\Python\Python313\site-packages\starlette\_exception_handler.py", line 53, in wrapped_app
    raise exc
  File "C:\Users\Choolan Kinnera\AppData\Roaming\Python\Python313\site-packages\starlette\_exception_handler.py", line 42, in wrapped_app
    await app(scope, receive, sender)
  File "C:\Users\Choolan Kinnera\AppData\Roaming\Python\Python313\site-packages\fastapi\routing.py", line 116, in app
    response = await f(request)
               ^^^^^^^^^^^^^^^^
  File "C:\Users\Choolan Kinnera\AppData\Roaming\Python\Python313\site-packages\fastapi\routing.py", line 670, in app
    raw_response = await run_endpoint_function(
                   ^^^^^^^^^^^^^^^^^^^^^^^^^^^^
    ...<3 lines>...
    )
    ^
  File "C:\Users\Choolan Kinnera\AppData\Roaming\Python\Python313\site-packages\fastapi\routing.py", line 324, in run_endpoint_function
    return await dependant.call(**values)
           ^^^^^^^^^^^^^^^^^^^^^^^^^^^^^^
  File "c:\NEXUS PM\api\routes\auth.py", line 26, in signup
    return await signup_service(user.email, user.password, db)
           ^^^^^^^^^^^^^^^^^^^^^^^^^^^^^^^^^^^^^^^^^^^^^^^^^^^
  File "c:\NEXUS PM\services\auth_service.py", line 19, in signup_service
    result = await db.execute(
             ^^^^^^^^^^^^^^^^^
        select(User).where(User.email == email)
        ^^^^^^^^^^^^^^^^^^^^^^^^^^^^^^^^^^^^^^^
    )
    ^
  File "C:\Users\Choolan Kinnera\AppData\Roaming\Python\Python313\site-packages\sqlalchemy\ext\asyncio\session.py", line 449, in execute
    result = await greenlet_spawn(
             ^^^^^^^^^^^^^^^^^^^^^
    ...<6 lines>...
    )
    ^
  File "C:\Users\Choolan Kinnera\AppData\Roaming\Python\Python313\site-packages\sqlalchemy\util\_concurrency_py3k.py", line 201, in greenlet_spawn
    result = context.throw(*sys.exc_info())
  File "C:\Users\Choolan Kinnera\AppData\Roaming\Python\Python313\site-packages\sqlalchemy\orm\session.py", line 2351, in execute
    return self._execute_internal(
           ~~~~~~~~~~~~~~~~~~~~~~^
        statement,
        ^^^^^^^^^^
    ...<4 lines>...
        _add_event=_add_event,
        ^^^^^^^^^^^^^^^^^^^^^^
    )
    ^
  File "C:\Users\Choolan Kinnera\AppData\Roaming\Python\Python313\site-packages\sqlalchemy\orm\session.py", line 2249, in _execute_internal
    result: Result[Any] = compile_state_cls.orm_execute_statement(
                          ~~~~~~~~~~~~~~~~~~~~~~~~~~~~~~~~~~~~~~~^
        self,
        ^^^^^
    ...<4 lines>...
        conn,
        ^^^^^
    )
    ^
  File "C:\Users\Choolan Kinnera\AppData\Roaming\Python\Python313\site-packages\sqlalchemy\orm\context.py", line 306, in orm_execute_statement
    result = conn.execute(
        statement, params or {}, execution_options=execution_options
    )
  File "C:\Users\Choolan Kinnera\AppData\Roaming\Python\Python313\site-packages\sqlalchemy\engine\base.py", line 1419, in execute
    return meth(
        self,
        distilled_parameters,
        execution_options or NO_OPTIONS,
    )
  File "C:\Users\Choolan Kinnera\AppData\Roaming\Python\Python313\site-packages\sqlalchemy\sql\elements.py", line 527, in _execute_on_connection
    return connection._execute_clauseelement(
           ~~~~~~~~~~~~~~~~~~~~~~~~~~~~~~~~~^
        self, distilled_params, execution_options
        ^^^^^^^^^^^^^^^^^^^^^^^^^^^^^^^^^^^^^^^^^
    )
    ^
  File "C:\Users\Choolan Kinnera\AppData\Roaming\Python\Python313\site-packages\sqlalchemy\engine\base.py", line 1641, in _execute_clauseelement
    ret = self._execute_context(
        dialect,
    ...<8 lines>...
        cache_hit=cache_hit,
    )
  File "C:\Users\Choolan Kinnera\AppData\Roaming\Python\Python313\site-packages\sqlalchemy\engine\base.py", line 1846, in _execute_context
    return self._exec_single_context(
           ~~~~~~~~~~~~~~~~~~~~~~~~~^
        dialect, context, statement, parameters
        ^^^^^^^^^^^^^^^^^^^^^^^^^^^^^^^^^^^^^^^
    )
    ^
  File "C:\Users\Choolan Kinnera\AppData\Roaming\Python\Python313\site-packages\sqlalchemy\engine\base.py", line 1986, in _exec_single_context
    self._handle_dbapi_exception(
    ~~~~~~~~~~~~~~~~~~~~~~~~~~~~^
        e, str_statement, effective_parameters, cursor, context
        ^^^^^^^^^^^^^^^^^^^^^^^^^^^^^^^^^^^^^^^^^^^^^^^^^^^^^^^
    )
    ^
  File "C:\Users\Choolan Kinnera\AppData\Roaming\Python\Python313\site-packages\sqlalchemy\engine\base.py", line 2363, in _handle_dbapi_exception
    raise sqlalchemy_exception.with_traceback(exc_info[2]) from e
  File "C:\Users\Choolan Kinnera\AppData\Roaming\Python\Python313\site-packages\sqlalchemy\engine\base.py", line 1967, in _exec_single_context
    self.dialect.do_execute(
    ~~~~~~~~~~~~~~~~~~~~~~~^
        cursor, str_statement, effective_parameters, context
        ^^^^^^^^^^^^^^^^^^^^^^^^^^^^^^^^^^^^^^^^^^^^^^^^^^^^
    )
    ^
  File "C:\Users\Choolan Kinnera\AppData\Roaming\Python\Python313\site-packages\sqlalchemy\engine\default.py", line 952, in do_execute
    cursor.execute(statement, parameters)
    ~~~~~~~~~~~~~~^^^^^^^^^^^^^^^^^^^^^^^
  File "C:\Users\Choolan Kinnera\AppData\Roaming\Python\Python313\site-packages\sqlalchemy\dialects\postgresql\asyncpg.py", line 585, in execute
    self._adapt_connection.await_(
    ~~~~~~~~~~~~~~~~~~~~~~~~~~~~~^
        self._prepare_and_execute(operation, parameters)
        ^^^^^^^^^^^^^^^^^^^^^^^^^^^^^^^^^^^^^^^^^^^^^^^^
    )
    ^
  File "C:\Users\Choolan Kinnera\AppData\Roaming\Python\Python313\site-packages\sqlalchemy\util\_concurrency_py3k.py", line 132, in await_only
    return current.parent.switch(awaitable)  # type: ignore[no-any-return,attr-defined] # noqa: E501
           ~~~~~~~~~~~~~~~~~~~~~^^^^^^^^^^^
  File "C:\Users\Choolan Kinnera\AppData\Roaming\Python\Python313\site-packages\sqlalchemy\util\_concurrency_py3k.py", line 196, in greenlet_spawn
    value = await result
            ^^^^^^^^^^^^
  File "C:\Users\Choolan Kinnera\AppData\Roaming\Python\Python313\site-packages\sqlalchemy\dialects\postgresql\asyncpg.py", line 563, in _prepare_and_execute
    self._handle_exception(error)
    ~~~~~~~~~~~~~~~~~~~~~~^^^^^^^
  File "C:\Users\Choolan Kinnera\AppData\Roaming\Python\Python313\site-packages\sqlalchemy\dialects\postgresql\asyncpg.py", line 513, in _handle_exception
    self._adapt_connection._handle_exception(error)
    ~~~~~~~~~~~~~~~~~~~~~~~~~~~~~~~~~~~~~~~~^^^^^^^
  File "C:\Users\Choolan Kinnera\AppData\Roaming\Python\Python313\site-packages\sqlalchemy\dialects\postgresql\asyncpg.py", line 797, in _handle_exception
    raise translated_error from error
sqlalchemy.exc.ProgrammingError: (sqlalchemy.dialects.postgresql.asyncpg.ProgrammingError) <class 'asyncpg.exceptions.UndefinedColumnError'>: column users.created_at does not exist
[SQL: SELECT users.id, users.email, users.password, users.created_at, users.updated_at 
FROM users 
WHERE users.email = $1::VARCHAR]
[parameters: ('cholan0415@gmail.com',)]
(Background on this error at: https://sqlalche.me/e/20/f405)
2026-05-24 13:09:21,799 - sqlalchemy.engine.Engine - INFO - BEGIN (implicit)
2026-05-24 13:09:21,800 - sqlalchemy.engine.Engine - INFO - SELECT users.id, users.email, users.password, users.created_at, users.updated_at 
FROM users 
WHERE users.email = $1::VARCHAR
2026-05-24 13:09:21,801 - sqlalchemy.engine.Engine - INFO - [cached since 28.07s ago] ('cholan0415@gmail.com',)
2026-05-24 13:09:21,803 - sqlalchemy.engine.Engine - INFO - ROLLBACK
2026-05-24 13:09:21,804 - main - ERROR - Unhandled exception: (sqlalchemy.dialects.postgresql.asyncpg.ProgrammingError) <class 'asyncpg.exceptions.UndefinedColumnError'>: column users.created_at does not exist
[SQL: SELECT users.id, users.email, users.password, users.created_at, users.updated_at 
FROM users 
WHERE users.email = $1::VARCHAR]
[parameters: ('cholan0415@gmail.com',)]
(Background on this error at: https://sqlalche.me/e/20/f405)
Traceback (most recent call last):
  File "C:\Users\Choolan Kinnera\AppData\Roaming\Python\Python313\site-packages\sqlalchemy\dialects\postgresql\asyncpg.py", line 526, in _prepare_and_execute
    prepared_stmt, attributes = await adapt_connection._prepare(
                                ^^^^^^^^^^^^^^^^^^^^^^^^^^^^^^^^
        operation, self._invalidate_schema_cache_asof
        ^^^^^^^^^^^^^^^^^^^^^^^^^^^^^^^^^^^^^^^^^^^^^
    )
    ^
  File "C:\Users\Choolan Kinnera\AppData\Roaming\Python\Python313\site-packages\sqlalchemy\dialects\postgresql\asyncpg.py", line 773, in _prepare
    prepared_stmt = await self._connection.prepare(
                    ^^^^^^^^^^^^^^^^^^^^^^^^^^^^^^^
        operation, name=self._prepared_statement_name_func()
        ^^^^^^^^^^^^^^^^^^^^^^^^^^^^^^^^^^^^^^^^^^^^^^^^^^^^
    )
    ^
  File "C:\Users\Choolan Kinnera\AppData\Roaming\Python\Python313\site-packages\asyncpg\connection.py", line 638, in prepare
    return await self._prepare(
           ^^^^^^^^^^^^^^^^^^^^
    ...<4 lines>...
    )
    ^
  File "C:\Users\Choolan Kinnera\AppData\Roaming\Python\Python313\site-packages\asyncpg\connection.py", line 657, in _prepare
    stmt = await self._get_statement(
           ^^^^^^^^^^^^^^^^^^^^^^^^^^
    ...<5 lines>...
    )
    ^
  File "C:\Users\Choolan Kinnera\AppData\Roaming\Python\Python313\site-packages\asyncpg\connection.py", line 443, in _get_statement
    statement = await self._protocol.prepare(
                ^^^^^^^^^^^^^^^^^^^^^^^^^^^^^
    ...<5 lines>...
    )
    ^
  File "asyncpg/protocol/protocol.pyx", line 165, in prepare
asyncpg.exceptions.UndefinedColumnError: column users.created_at does not exist

The above exception was the direct cause of the following exception:

Traceback (most recent call last):
  File "C:\Users\Choolan Kinnera\AppData\Roaming\Python\Python313\site-packages\sqlalchemy\engine\base.py", line 1967, in _exec_single_context
    self.dialect.do_execute(
    ~~~~~~~~~~~~~~~~~~~~~~~^
        cursor, str_statement, effective_parameters, context
        ^^^^^^^^^^^^^^^^^^^^^^^^^^^^^^^^^^^^^^^^^^^^^^^^^^^^
    )
    ^
  File "C:\Users\Choolan Kinnera\AppData\Roaming\Python\Python313\site-packages\sqlalchemy\engine\default.py", line 952, in do_execute
    cursor.execute(statement, parameters)
    ~~~~~~~~~~~~~~^^^^^^^^^^^^^^^^^^^^^^^
  File "C:\Users\Choolan Kinnera\AppData\Roaming\Python\Python313\site-packages\sqlalchemy\dialects\postgresql\asyncpg.py", line 585, in execute
    self._adapt_connection.await_(
    ~~~~~~~~~~~~~~~~~~~~~~~~~~~~~^
        self._prepare_and_execute(operation, parameters)
        ^^^^^^^^^^^^^^^^^^^^^^^^^^^^^^^^^^^^^^^^^^^^^^^^
    )
    ^
  File "C:\Users\Choolan Kinnera\AppData\Roaming\Python\Python313\site-packages\sqlalchemy\util\_concurrency_py3k.py", line 132, in await_only
    return current.parent.switch(awaitable)  # type: ignore[no-any-return,attr-defined] # noqa: E501
           ~~~~~~~~~~~~~~~~~~~~~^^^^^^^^^^^
  File "C:\Users\Choolan Kinnera\AppData\Roaming\Python\Python313\site-packages\sqlalchemy\util\_concurrency_py3k.py", line 196, in greenlet_spawn
    value = await result
            ^^^^^^^^^^^^
  File "C:\Users\Choolan Kinnera\AppData\Roaming\Python\Python313\site-packages\sqlalchemy\dialects\postgresql\asyncpg.py", line 563, in _prepare_and_execute
    self._handle_exception(error)
    ~~~~~~~~~~~~~~~~~~~~~~^^^^^^^
  File "C:\Users\Choolan Kinnera\AppData\Roaming\Python\Python313\site-packages\sqlalchemy\dialects\postgresql\asyncpg.py", line 513, in _handle_exception
    self._adapt_connection._handle_exception(error)
    ~~~~~~~~~~~~~~~~~~~~~~~~~~~~~~~~~~~~~~~~^^^^^^^
  File "C:\Users\Choolan Kinnera\AppData\Roaming\Python\Python313\site-packages\sqlalchemy\dialects\postgresql\asyncpg.py", line 797, in _handle_exception
    raise translated_error from error
sqlalchemy.dialects.postgresql.asyncpg.AsyncAdapt_asyncpg_dbapi.ProgrammingError: <class 'asyncpg.exceptions.UndefinedColumnError'>: column users.created_at does not exist

The above exception was the direct cause of the following exception:

Traceback (most recent call last):
  File "C:\Users\Choolan Kinnera\AppData\Roaming\Python\Python313\site-packages\starlette\middleware\errors.py", line 164, in __call__
    await self.app(scope, receive, _send)
  File "C:\Users\Choolan Kinnera\AppData\Roaming\Python\Python313\site-packages\starlette\middleware\trustedhost.py", line 51, in __call__
    await self.app(scope, receive, send)
  File "C:\Users\Choolan Kinnera\AppData\Roaming\Python\Python313\site-packages\starlette\middleware\cors.py", line 87, in __call__
    await self.app(scope, receive, send)
  File "C:\Users\Choolan Kinnera\AppData\Roaming\Python\Python313\site-packages\starlette\middleware\exceptions.py", line 63, in __call__
    await wrap_app_handling_exceptions(self.app, conn)(scope, receive, send)
  File "C:\Users\Choolan Kinnera\AppData\Roaming\Python\Python313\site-packages\starlette\_exception_handler.py", line 53, in wrapped_app
    raise exc
  File "C:\Users\Choolan Kinnera\AppData\Roaming\Python\Python313\site-packages\starlette\_exception_handler.py", line 42, in wrapped_app
    await app(scope, receive, sender)
  File "C:\Users\Choolan Kinnera\AppData\Roaming\Python\Python313\site-packages\fastapi\middleware\asyncexitstack.py", line 18, in __call__
    await self.app(scope, receive, send)
  File "C:\Users\Choolan Kinnera\AppData\Roaming\Python\Python313\site-packages\starlette\routing.py", line 716, in __call__
    await self.middleware_stack(scope, receive, send)
  File "C:\Users\Choolan Kinnera\AppData\Roaming\Python\Python313\site-packages\starlette\routing.py", line 736, in app
    await route.handle(scope, receive, send)
  File "C:\Users\Choolan Kinnera\AppData\Roaming\Python\Python313\site-packages\starlette\routing.py", line 290, in handle
    await self.app(scope, receive, send)
  File "C:\Users\Choolan Kinnera\AppData\Roaming\Python\Python313\site-packages\fastapi\routing.py", line 130, in app
    await wrap_app_handling_exceptions(app, request)(scope, receive, send)
  File "C:\Users\Choolan Kinnera\AppData\Roaming\Python\Python313\site-packages\starlette\_exception_handler.py", line 53, in wrapped_app
    raise exc
  File "C:\Users\Choolan Kinnera\AppData\Roaming\Python\Python313\site-packages\starlette\_exception_handler.py", line 42, in wrapped_app
    await app(scope, receive, sender)
  File "C:\Users\Choolan Kinnera\AppData\Roaming\Python\Python313\site-packages\fastapi\routing.py", line 116, in app
    response = await f(request)
               ^^^^^^^^^^^^^^^^
  File "C:\Users\Choolan Kinnera\AppData\Roaming\Python\Python313\site-packages\fastapi\routing.py", line 670, in app
    raw_response = await run_endpoint_function(
                   ^^^^^^^^^^^^^^^^^^^^^^^^^^^^
    ...<3 lines>...
    )
    ^
  File "C:\Users\Choolan Kinnera\AppData\Roaming\Python\Python313\site-packages\fastapi\routing.py", line 324, in run_endpoint_function
    return await dependant.call(**values)
           ^^^^^^^^^^^^^^^^^^^^^^^^^^^^^^
  File "c:\NEXUS PM\api\routes\auth.py", line 26, in signup
    return await signup_service(user.email, user.password, db)
           ^^^^^^^^^^^^^^^^^^^^^^^^^^^^^^^^^^^^^^^^^^^^^^^^^^^
  File "c:\NEXUS PM\services\auth_service.py", line 19, in signup_service
    result = await db.execute(
             ^^^^^^^^^^^^^^^^^
        select(User).where(User.email == email)
        ^^^^^^^^^^^^^^^^^^^^^^^^^^^^^^^^^^^^^^^
    )
    ^
  File "C:\Users\Choolan Kinnera\AppData\Roaming\Python\Python313\site-packages\sqlalchemy\ext\asyncio\session.py", line 449, in execute
    result = await greenlet_spawn(
             ^^^^^^^^^^^^^^^^^^^^^
    ...<6 lines>...
    )
    ^
  File "C:\Users\Choolan Kinnera\AppData\Roaming\Python\Python313\site-packages\sqlalchemy\util\_concurrency_py3k.py", line 201, in greenlet_spawn
    result = context.throw(*sys.exc_info())
  File "C:\Users\Choolan Kinnera\AppData\Roaming\Python\Python313\site-packages\sqlalchemy\orm\session.py", line 2351, in execute
    return self._execute_internal(
           ~~~~~~~~~~~~~~~~~~~~~~^
        statement,
        ^^^^^^^^^^
    ...<4 lines>...
        _add_event=_add_event,
        ^^^^^^^^^^^^^^^^^^^^^^
    )
    ^
  File "C:\Users\Choolan Kinnera\AppData\Roaming\Python\Python313\site-packages\sqlalchemy\orm\session.py", line 2249, in _execute_internal
    result: Result[Any] = compile_state_cls.orm_execute_statement(
                          ~~~~~~~~~~~~~~~~~~~~~~~~~~~~~~~~~~~~~~~^
        self,
        ^^^^^
    ...<4 lines>...
        conn,
        ^^^^^
    )
    ^
  File "C:\Users\Choolan Kinnera\AppData\Roaming\Python\Python313\site-packages\sqlalchemy\orm\context.py", line 306, in orm_execute_statement
    result = conn.execute(
        statement, params or {}, execution_options=execution_options
    )
  File "C:\Users\Choolan Kinnera\AppData\Roaming\Python\Python313\site-packages\sqlalchemy\engine\base.py", line 1419, in execute
    return meth(
        self,
        distilled_parameters,
        execution_options or NO_OPTIONS,
    )
  File "C:\Users\Choolan Kinnera\AppData\Roaming\Python\Python313\site-packages\sqlalchemy\sql\elements.py", line 527, in _execute_on_connection
    return connection._execute_clauseelement(
           ~~~~~~~~~~~~~~~~~~~~~~~~~~~~~~~~~^
        self, distilled_params, execution_options
        ^^^^^^^^^^^^^^^^^^^^^^^^^^^^^^^^^^^^^^^^^
    )
    ^
  File "C:\Users\Choolan Kinnera\AppData\Roaming\Python\Python313\site-packages\sqlalchemy\engine\base.py", line 1641, in _execute_clauseelement
    ret = self._execute_context(
        dialect,
    ...<8 lines>...
        cache_hit=cache_hit,
    )
  File "C:\Users\Choolan Kinnera\AppData\Roaming\Python\Python313\site-packages\sqlalchemy\engine\base.py", line 1846, in _execute_context
    return self._exec_single_context(
           ~~~~~~~~~~~~~~~~~~~~~~~~~^
        dialect, context, statement, parameters
        ^^^^^^^^^^^^^^^^^^^^^^^^^^^^^^^^^^^^^^^
    )
    ^
  File "C:\Users\Choolan Kinnera\AppData\Roaming\Python\Python313\site-packages\sqlalchemy\engine\base.py", line 1986, in _exec_single_context
    self._handle_dbapi_exception(
    ~~~~~~~~~~~~~~~~~~~~~~~~~~~~^
        e, str_statement, effective_parameters, cursor, context
        ^^^^^^^^^^^^^^^^^^^^^^^^^^^^^^^^^^^^^^^^^^^^^^^^^^^^^^^
    )
    ^
  File "C:\Users\Choolan Kinnera\AppData\Roaming\Python\Python313\site-packages\sqlalchemy\engine\base.py", line 2363, in _handle_dbapi_exception
    raise sqlalchemy_exception.with_traceback(exc_info[2]) from e
  File "C:\Users\Choolan Kinnera\AppData\Roaming\Python\Python313\site-packages\sqlalchemy\engine\base.py", line 1967, in _exec_single_context
    self.dialect.do_execute(
    ~~~~~~~~~~~~~~~~~~~~~~~^
        cursor, str_statement, effective_parameters, context
        ^^^^^^^^^^^^^^^^^^^^^^^^^^^^^^^^^^^^^^^^^^^^^^^^^^^^
    )
    ^
  File "C:\Users\Choolan Kinnera\AppData\Roaming\Python\Python313\site-packages\sqlalchemy\engine\default.py", line 952, in do_execute
    cursor.execute(statement, parameters)
    ~~~~~~~~~~~~~~^^^^^^^^^^^^^^^^^^^^^^^
  File "C:\Users\Choolan Kinnera\AppData\Roaming\Python\Python313\site-packages\sqlalchemy\dialects\postgresql\asyncpg.py", line 585, in execute
    self._adapt_connection.await_(
    ~~~~~~~~~~~~~~~~~~~~~~~~~~~~~^
        self._prepare_and_execute(operation, parameters)
        ^^^^^^^^^^^^^^^^^^^^^^^^^^^^^^^^^^^^^^^^^^^^^^^^
    )
    ^
  File "C:\Users\Choolan Kinnera\AppData\Roaming\Python\Python313\site-packages\sqlalchemy\util\_concurrency_py3k.py", line 132, in await_only
    return current.parent.switch(awaitable)  # type: ignore[no-any-return,attr-defined] # noqa: E501
           ~~~~~~~~~~~~~~~~~~~~~^^^^^^^^^^^
  File "C:\Users\Choolan Kinnera\AppData\Roaming\Python\Python313\site-packages\sqlalchemy\util\_concurrency_py3k.py", line 196, in greenlet_spawn
    value = await result
            ^^^^^^^^^^^^
  File "C:\Users\Choolan Kinnera\AppData\Roaming\Python\Python313\site-packages\sqlalchemy\dialects\postgresql\asyncpg.py", line 563, in _prepare_and_execute
    self._handle_exception(error)
    ~~~~~~~~~~~~~~~~~~~~~~^^^^^^^
  File "C:\Users\Choolan Kinnera\AppData\Roaming\Python\Python313\site-packages\sqlalchemy\dialects\postgresql\asyncpg.py", line 513, in _handle_exception
    self._adapt_connection._handle_exception(error)
    ~~~~~~~~~~~~~~~~~~~~~~~~~~~~~~~~~~~~~~~~^^^^^^^
  File "C:\Users\Choolan Kinnera\AppData\Roaming\Python\Python313\site-packages\sqlalchemy\dialects\postgresql\asyncpg.py", line 797, in _handle_exception
    raise translated_error from error
sqlalchemy.exc.ProgrammingError: (sqlalchemy.dialects.postgresql.asyncpg.ProgrammingError) <class 'asyncpg.exceptions.UndefinedColumnError'>: column users.created_at does not exist
[SQL: SELECT users.id, users.email, users.password, users.created_at, users.updated_at 
FROM users 
WHERE users.email = $1::VARCHAR]
[parameters: ('cholan0415@gmail.com',)]
(Background on this error at: https://sqlalche.me/e/20/f405)
2026-05-24 13:53:08,919 - main - INFO - Shutting down Nexus PM API...
2026-05-24 13:53:20,456 - main - INFO - Starting up Nexus PM API...
2026-05-24 13:53:20,680 - sqlalchemy.engine.Engine - INFO - select pg_catalog.version()
2026-05-24 13:53:20,681 - sqlalchemy.engine.Engine - INFO - [raw sql] ()
2026-05-24 13:53:20,686 - sqlalchemy.engine.Engine - INFO - select current_schema()
2026-05-24 13:53:20,686 - sqlalchemy.engine.Engine - INFO - [raw sql] ()
2026-05-24 13:53:20,690 - sqlalchemy.engine.Engine - INFO - show standard_conforming_strings
2026-05-24 13:53:20,690 - sqlalchemy.engine.Engine - INFO - [raw sql] ()
2026-05-24 13:53:20,693 - sqlalchemy.engine.Engine - INFO - BEGIN (implicit)
2026-05-24 13:53:20,701 - sqlalchemy.engine.Engine - INFO - SELECT pg_catalog.pg_class.relname 
FROM pg_catalog.pg_class JOIN pg_catalog.pg_namespace ON pg_catalog.pg_namespace.oid = pg_catalog.pg_class.relnamespace 
WHERE pg_catalog.pg_class.relname = $1::VARCHAR AND pg_catalog.pg_class.relkind = ANY (ARRAY[$2::VARCHAR, $3::VARCHAR, $4::VARCHAR, $5::VARCHAR, $6::VARCHAR]) AND pg_catalog.pg_table_is_visible(pg_catalog.pg_class.oid) AND pg_catalog.pg_namespace.nspname != $7::VARCHAR
2026-05-24 13:53:20,702 - sqlalchemy.engine.Engine - INFO - [generated in 0.00101s] ('users', 'r', 'p', 'f', 'v', 'm', 'pg_catalog')
2026-05-24 13:53:20,719 - sqlalchemy.engine.Engine - INFO - SELECT pg_catalog.pg_class.relname 
FROM pg_catalog.pg_class JOIN pg_catalog.pg_namespace ON pg_catalog.pg_namespace.oid = pg_catalog.pg_class.relnamespace 
WHERE pg_catalog.pg_class.relname = $1::VARCHAR AND pg_catalog.pg_class.relkind = ANY (ARRAY[$2::VARCHAR, $3::VARCHAR, $4::VARCHAR, $5::VARCHAR, $6::VARCHAR]) AND pg_catalog.pg_table_is_visible(pg_catalog.pg_class.oid) AND pg_catalog.pg_namespace.nspname != $7::VARCHAR
2026-05-24 13:53:20,720 - sqlalchemy.engine.Engine - INFO - [cached since 0.01931s ago] ('projects', 'r', 'p', 'f', 'v', 'm', 'pg_catalog')
2026-05-24 13:53:20,723 - sqlalchemy.engine.Engine - INFO - 
CREATE TABLE users (
	id SERIAL NOT NULL, 
	email VARCHAR(255) NOT NULL, 
	password VARCHAR NOT NULL, 
	created_at TIMESTAMP WITHOUT TIME ZONE DEFAULT now() NOT NULL, 
	updated_at TIMESTAMP WITHOUT TIME ZONE DEFAULT now() NOT NULL, 
	PRIMARY KEY (id)
)


2026-05-24 13:53:20,724 - sqlalchemy.engine.Engine - INFO - [no key 0.00063s] ()
2026-05-24 13:53:20,932 - sqlalchemy.engine.Engine - INFO - CREATE INDEX ix_users_id ON users (id)
2026-05-24 13:53:20,933 - sqlalchemy.engine.Engine - INFO - [no key 0.00076s] ()
2026-05-24 13:53:20,941 - sqlalchemy.engine.Engine - INFO - CREATE UNIQUE INDEX ix_users_email ON users (email)
2026-05-24 13:53:20,942 - sqlalchemy.engine.Engine - INFO - [no key 0.00080s] ()
2026-05-24 13:53:20,948 - sqlalchemy.engine.Engine - INFO - COMMIT
2026-05-24 13:53:20,952 - main - INFO - Database tables created successfully
2026-05-24 13:53:21,842 - sqlalchemy.engine.Engine - INFO - BEGIN (implicit)
2026-05-24 13:53:21,857 - sqlalchemy.engine.Engine - INFO - SELECT users.id, users.email, users.password, users.created_at, users.updated_at 
FROM users 
WHERE users.email = $1::VARCHAR
2026-05-24 13:53:21,864 - sqlalchemy.engine.Engine - INFO - [generated in 0.00715s] ('cholan0415@gmail.com',)
2026-05-24 13:53:22,419 - sqlalchemy.engine.Engine - INFO - INSERT INTO users (email, password, created_at, updated_at) VALUES ($1::VARCHAR, $2::VARCHAR, $3::TIMESTAMP WITHOUT TIME ZONE, $4::TIMESTAMP WITHOUT TIME ZONE) RETURNING users.id
2026-05-24 13:53:22,420 - sqlalchemy.engine.Engine - INFO - [generated in 0.00112s] ('cholan0415@gmail.com', '$2b$12$Ok1uCfdNGMyyCwVPEe85tO4VXhLxrKUOhI/ErU.ju0cIoTZLvpGee', datetime.datetime(2026, 5, 24, 8, 23, 22, 419240), datetime.datetime(2026, 5, 24, 8, 23, 22, 419251))
2026-05-24 13:53:22,429 - sqlalchemy.engine.Engine - INFO - COMMIT
2026-05-24 13:53:22,432 - sqlalchemy.engine.Engine - INFO - BEGIN (implicit)
2026-05-24 13:53:22,436 - sqlalchemy.engine.Engine - INFO - SELECT users.id, users.email, users.password, users.created_at, users.updated_at 
FROM users 
WHERE users.id = $1::INTEGER
2026-05-24 13:53:22,437 - sqlalchemy.engine.Engine - INFO - [generated in 0.00088s] (1,)
2026-05-24 13:53:22,444 - sqlalchemy.engine.Engine - INFO - ROLLBACK
2026-05-24 13:57:17,183 - sqlalchemy.engine.Engine - INFO - BEGIN (implicit)
2026-05-24 13:57:17,184 - sqlalchemy.engine.Engine - INFO - SELECT users.id, users.email, users.password, users.created_at, users.updated_at 
FROM users 
WHERE users.email = $1::VARCHAR
2026-05-24 13:57:17,185 - sqlalchemy.engine.Engine - INFO - [cached since 235.3s ago] ('cholan0415@gmail.com',)
2026-05-24 13:57:17,813 - sqlalchemy.engine.Engine - INFO - ROLLBACK
2026-05-24 13:58:23,293 - sqlalchemy.engine.Engine - INFO - BEGIN (implicit)
2026-05-24 13:58:23,294 - sqlalchemy.engine.Engine - INFO - SELECT users.id, users.email, users.password, users.created_at, users.updated_at 
FROM users 
WHERE users.email = $1::VARCHAR
2026-05-24 13:58:23,295 - sqlalchemy.engine.Engine - INFO - [cached since 301.4s ago] ('cholan0415@gmail.com',)
2026-05-24 13:58:23,299 - sqlalchemy.engine.Engine - INFO - ROLLBACK
2026-05-24 14:01:05,341 - sqlalchemy.engine.Engine - INFO - BEGIN (implicit)
2026-05-24 14:01:05,342 - sqlalchemy.engine.Engine - INFO - SELECT users.id, users.email, users.password, users.created_at, users.updated_at 
FROM users 
WHERE users.email = $1::VARCHAR
2026-05-24 14:01:05,342 - sqlalchemy.engine.Engine - INFO - [cached since 463.5s ago] ('cholan0415@gmail.com',)
2026-05-24 14:01:05,347 - sqlalchemy.engine.Engine - INFO - ROLLBACK
2026-05-24 14:02:48,728 - sqlalchemy.engine.Engine - INFO - BEGIN (implicit)
2026-05-24 14:02:48,729 - sqlalchemy.engine.Engine - INFO - SELECT users.id, users.email, users.password, users.created_at, users.updated_at 
FROM users 
WHERE users.email = $1::VARCHAR
2026-05-24 14:02:48,729 - sqlalchemy.engine.Engine - INFO - [cached since 566.9s ago] ('balaji@gmail.com',)
2026-05-24 14:02:49,220 - sqlalchemy.engine.Engine - INFO - INSERT INTO users (email, password, created_at, updated_at) VALUES ($1::VARCHAR, $2::VARCHAR, $3::TIMESTAMP WITHOUT TIME ZONE, $4::TIMESTAMP WITHOUT TIME ZONE) RETURNING users.id
2026-05-24 14:02:49,221 - sqlalchemy.engine.Engine - INFO - [cached since 566.8s ago] ('balaji@gmail.com', '$2b$12$z9MmTO1B8qkB4FT1BM1E9upQi59.jc/FMAVCOf2iStIrW3kaSG.sO', datetime.datetime(2026, 5, 24, 8, 32, 49, 220503), datetime.datetime(2026, 5, 24, 8, 32, 49, 220510))
2026-05-24 14:02:49,224 - sqlalchemy.engine.Engine - INFO - COMMIT
2026-05-24 14:02:49,280 - sqlalchemy.engine.Engine - INFO - BEGIN (implicit)
2026-05-24 14:02:49,281 - sqlalchemy.engine.Engine - INFO - SELECT users.id, users.email, users.password, users.created_at, users.updated_at 
FROM users 
WHERE users.id = $1::INTEGER
2026-05-24 14:02:49,282 - sqlalchemy.engine.Engine - INFO - [cached since 566.8s ago] (2,)
2026-05-24 14:02:49,286 - sqlalchemy.engine.Engine - INFO - ROLLBACK
2026-05-24 14:03:16,432 - sqlalchemy.engine.Engine - INFO - BEGIN (implicit)
2026-05-24 14:03:16,433 - sqlalchemy.engine.Engine - INFO - SELECT users.id, users.email, users.password, users.created_at, users.updated_at 
FROM users 
WHERE users.email = $1::VARCHAR
2026-05-24 14:03:16,434 - sqlalchemy.engine.Engine - INFO - [cached since 594.6s ago] ('balaji@gmail.com',)
2026-05-24 14:03:16,921 - sqlalchemy.engine.Engine - INFO - ROLLBACK
2026-05-24 14:05:53,876 - sqlalchemy.engine.Engine - INFO - BEGIN (implicit)
2026-05-24 14:05:53,876 - sqlalchemy.engine.Engine - INFO - SELECT users.id, users.email, users.password, users.created_at, users.updated_at 
FROM users 
WHERE users.email = $1::VARCHAR
2026-05-24 14:05:53,877 - sqlalchemy.engine.Engine - INFO - [cached since 752s ago] ('balaji@gmail.com',)
2026-05-24 14:05:53,880 - sqlalchemy.engine.Engine - INFO - ROLLBACK
2026-05-24 14:10:08,586 - sqlalchemy.engine.Engine - INFO - BEGIN (implicit)
2026-05-24 14:10:08,587 - sqlalchemy.engine.Engine - INFO - SELECT users.id, users.email, users.password, users.created_at, users.updated_at 
FROM users 
WHERE users.email = $1::VARCHAR
2026-05-24 14:10:08,587 - sqlalchemy.engine.Engine - INFO - [cached since 1007s ago] ('balaji@gmail.com',)
2026-05-24 14:10:08,591 - sqlalchemy.engine.Engine - INFO - SELECT projects.id, projects.title, projects.description, projects.owner_id 
FROM projects
2026-05-24 14:10:08,591 - sqlalchemy.engine.Engine - INFO - [generated in 0.00054s] ()
2026-05-24 14:10:08,608 - sqlalchemy.engine.Engine - INFO - ROLLBACK
2026-05-24 14:10:48,433 - sqlalchemy.engine.Engine - INFO - BEGIN (implicit)
2026-05-24 14:10:48,434 - sqlalchemy.engine.Engine - INFO - SELECT users.id, users.email, users.password, users.created_at, users.updated_at 
FROM users 
WHERE users.email = $1::VARCHAR
2026-05-24 14:10:48,434 - sqlalchemy.engine.Engine - INFO - [cached since 1047s ago] ('balaji@gmail.com',)
2026-05-24 14:10:48,437 - sqlalchemy.engine.Engine - INFO - SELECT projects.id, projects.title, projects.description, projects.owner_id 
FROM projects
2026-05-24 14:10:48,437 - sqlalchemy.engine.Engine - INFO - [cached since 39.85s ago] ()
2026-05-24 14:10:48,440 - sqlalchemy.engine.Engine - INFO - ROLLBACK
2026-05-24 14:11:10,714 - sqlalchemy.engine.Engine - INFO - BEGIN (implicit)
2026-05-24 14:11:10,715 - sqlalchemy.engine.Engine - INFO - SELECT users.id, users.email, users.password, users.created_at, users.updated_at 
FROM users 
WHERE users.email = $1::VARCHAR
2026-05-24 14:11:10,715 - sqlalchemy.engine.Engine - INFO - [cached since 1069s ago] ('balaji@gmail.com',)
2026-05-24 14:11:10,719 - sqlalchemy.engine.Engine - INFO - INSERT INTO projects (title, description, owner_id) VALUES ($1::VARCHAR, $2::VARCHAR, $3::INTEGER) RETURNING projects.id
2026-05-24 14:11:10,720 - sqlalchemy.engine.Engine - INFO - [generated in 0.00082s] ('Nexus PM Backend', 'Backend architecture', 2)
2026-05-24 14:11:10,792 - sqlalchemy.engine.Engine - INFO - COMMIT
2026-05-24 14:11:10,794 - sqlalchemy.engine.Engine - INFO - BEGIN (implicit)
2026-05-24 14:11:10,795 - sqlalchemy.engine.Engine - INFO - SELECT projects.id, projects.title, projects.description, projects.owner_id 
FROM projects 
WHERE projects.id = $1::INTEGER
2026-05-24 14:11:10,796 - sqlalchemy.engine.Engine - INFO - [generated in 0.00059s] (2,)
2026-05-24 14:11:10,799 - sqlalchemy.engine.Engine - INFO - ROLLBACK
2026-05-24 14:11:21,343 - sqlalchemy.engine.Engine - INFO - BEGIN (implicit)
2026-05-24 14:11:21,344 - sqlalchemy.engine.Engine - INFO - SELECT users.id, users.email, users.password, users.created_at, users.updated_at 
FROM users 
WHERE users.email = $1::VARCHAR
2026-05-24 14:11:21,345 - sqlalchemy.engine.Engine - INFO - [cached since 1079s ago] ('balaji@gmail.com',)
2026-05-24 14:11:21,347 - sqlalchemy.engine.Engine - INFO - SELECT projects.id, projects.title, projects.description, projects.owner_id 
FROM projects
2026-05-24 14:11:21,348 - sqlalchemy.engine.Engine - INFO - [cached since 72.76s ago] ()
2026-05-24 14:11:21,352 - sqlalchemy.engine.Engine - INFO - ROLLBACK
2026-05-24 14:16:22,104 - main - INFO - Shutting down Nexus PM API...
2026-05-24 14:22:09,919 - main - INFO - Starting up Nexus PM API...
2026-05-24 14:22:10,164 - sqlalchemy.engine.Engine - INFO - select pg_catalog.version()
2026-05-24 14:22:10,164 - sqlalchemy.engine.Engine - INFO - [raw sql] ()
2026-05-24 14:22:10,168 - sqlalchemy.engine.Engine - INFO - select current_schema()
2026-05-24 14:22:10,169 - sqlalchemy.engine.Engine - INFO - [raw sql] ()
2026-05-24 14:22:10,172 - sqlalchemy.engine.Engine - INFO - show standard_conforming_strings
2026-05-24 14:22:10,173 - sqlalchemy.engine.Engine - INFO - [raw sql] ()
2026-05-24 14:22:10,177 - sqlalchemy.engine.Engine - INFO - BEGIN (implicit)
2026-05-24 14:22:10,187 - sqlalchemy.engine.Engine - INFO - SELECT pg_catalog.pg_class.relname 
FROM pg_catalog.pg_class JOIN pg_catalog.pg_namespace ON pg_catalog.pg_namespace.oid = pg_catalog.pg_class.relnamespace 
WHERE pg_catalog.pg_class.relname = $1::VARCHAR AND pg_catalog.pg_class.relkind = ANY (ARRAY[$2::VARCHAR, $3::VARCHAR, $4::VARCHAR, $5::VARCHAR, $6::VARCHAR]) AND pg_catalog.pg_table_is_visible(pg_catalog.pg_class.oid) AND pg_catalog.pg_namespace.nspname != $7::VARCHAR
2026-05-24 14:22:10,188 - sqlalchemy.engine.Engine - INFO - [generated in 0.00119s] ('users', 'r', 'p', 'f', 'v', 'm', 'pg_catalog')
2026-05-24 14:22:10,266 - sqlalchemy.engine.Engine - INFO - SELECT pg_catalog.pg_class.relname 
FROM pg_catalog.pg_class JOIN pg_catalog.pg_namespace ON pg_catalog.pg_namespace.oid = pg_catalog.pg_class.relnamespace 
WHERE pg_catalog.pg_class.relname = $1::VARCHAR AND pg_catalog.pg_class.relkind = ANY (ARRAY[$2::VARCHAR, $3::VARCHAR, $4::VARCHAR, $5::VARCHAR, $6::VARCHAR]) AND pg_catalog.pg_table_is_visible(pg_catalog.pg_class.oid) AND pg_catalog.pg_namespace.nspname != $7::VARCHAR
2026-05-24 14:22:10,267 - sqlalchemy.engine.Engine - INFO - [cached since 0.07977s ago] ('projects', 'r', 'p', 'f', 'v', 'm', 'pg_catalog')
2026-05-24 14:22:10,269 - sqlalchemy.engine.Engine - INFO - COMMIT
2026-05-24 14:22:10,271 - main - INFO - Database tables created successfully
2026-05-24 14:22:14,894 - sqlalchemy.engine.Engine - INFO - BEGIN (implicit)
2026-05-24 14:22:14,900 - sqlalchemy.engine.Engine - INFO - SELECT users.id, users.email, users.password, users.created_at, users.updated_at 
FROM users 
WHERE users.email = $1::VARCHAR
2026-05-24 14:22:14,901 - sqlalchemy.engine.Engine - INFO - [generated in 0.00067s] ('balaji@gmail.com',)
2026-05-24 14:22:14,913 - sqlalchemy.engine.Engine - INFO - SELECT projects.id, projects.title, projects.description, projects.owner_id 
FROM projects 
WHERE projects.owner_id = $1::INTEGER
2026-05-24 14:22:14,913 - sqlalchemy.engine.Engine - INFO - [generated in 0.00061s] (2,)
2026-05-24 14:22:14,929 - sqlalchemy.engine.Engine - INFO - ROLLBACK
2026-05-24 14:23:53,686 - sqlalchemy.engine.Engine - INFO - BEGIN (implicit)
2026-05-24 14:23:53,686 - sqlalchemy.engine.Engine - INFO - SELECT users.id, users.email, users.password, users.created_at, users.updated_at 
FROM users 
WHERE users.email = $1::VARCHAR
2026-05-24 14:23:53,687 - sqlalchemy.engine.Engine - INFO - [cached since 98.79s ago] ('cholan@gmail.com',)
2026-05-24 14:23:54,212 - sqlalchemy.engine.Engine - INFO - INSERT INTO users (email, password, created_at, updated_at) VALUES ($1::VARCHAR, $2::VARCHAR, $3::TIMESTAMP WITHOUT TIME ZONE, $4::TIMESTAMP WITHOUT TIME ZONE) RETURNING users.id
2026-05-24 14:23:54,213 - sqlalchemy.engine.Engine - INFO - [generated in 0.00101s] ('cholan@gmail.com', '$2b$12$IMQcedMafR/XE/ihN65/buSJvhLFGI7hvF7PoTeSS7hG.t1w89UFC', datetime.datetime(2026, 5, 24, 8, 53, 54, 212458), datetime.datetime(2026, 5, 24, 8, 53, 54, 212470))
2026-05-24 14:23:54,217 - sqlalchemy.engine.Engine - INFO - COMMIT
2026-05-24 14:23:54,287 - sqlalchemy.engine.Engine - INFO - BEGIN (implicit)
2026-05-24 14:23:54,289 - sqlalchemy.engine.Engine - INFO - SELECT users.id, users.email, users.password, users.created_at, users.updated_at 
FROM users 
WHERE users.id = $1::INTEGER
2026-05-24 14:23:54,290 - sqlalchemy.engine.Engine - INFO - [generated in 0.00057s] (3,)
2026-05-24 14:23:54,294 - sqlalchemy.engine.Engine - INFO - ROLLBACK
2026-05-24 14:24:10,295 - sqlalchemy.engine.Engine - INFO - BEGIN (implicit)
2026-05-24 14:24:10,296 - sqlalchemy.engine.Engine - INFO - SELECT users.id, users.email, users.password, users.created_at, users.updated_at 
FROM users 
WHERE users.email = $1::VARCHAR
2026-05-24 14:24:10,296 - sqlalchemy.engine.Engine - INFO - [cached since 115.4s ago] ('cholan@gmail.com',)
2026-05-24 14:24:10,773 - sqlalchemy.engine.Engine - INFO - ROLLBACK
2026-05-24 14:24:58,156 - sqlalchemy.engine.Engine - INFO - BEGIN (implicit)
2026-05-24 14:24:58,156 - sqlalchemy.engine.Engine - INFO - SELECT users.id, users.email, users.password, users.created_at, users.updated_at 
FROM users 
WHERE users.email = $1::VARCHAR
2026-05-24 14:24:58,157 - sqlalchemy.engine.Engine - INFO - [cached since 163.3s ago] ('bala@gmail.com',)
2026-05-24 14:24:58,626 - sqlalchemy.engine.Engine - INFO - INSERT INTO users (email, password, created_at, updated_at) VALUES ($1::VARCHAR, $2::VARCHAR, $3::TIMESTAMP WITHOUT TIME ZONE, $4::TIMESTAMP WITHOUT TIME ZONE) RETURNING users.id
2026-05-24 14:24:58,627 - sqlalchemy.engine.Engine - INFO - [cached since 64.42s ago] ('bala@gmail.com', '$2b$12$eOxfDu0is6ch.NQG8nJXA.VuCHhljV9vnfIhwU799DRMmmfokR15W', datetime.datetime(2026, 5, 24, 8, 54, 58, 626803), datetime.datetime(2026, 5, 24, 8, 54, 58, 626810))
2026-05-24 14:24:58,696 - sqlalchemy.engine.Engine - INFO - COMMIT
2026-05-24 14:24:58,698 - sqlalchemy.engine.Engine - INFO - BEGIN (implicit)
2026-05-24 14:24:58,698 - sqlalchemy.engine.Engine - INFO - SELECT users.id, users.email, users.password, users.created_at, users.updated_at 
FROM users 
WHERE users.id = $1::INTEGER
2026-05-24 14:24:58,699 - sqlalchemy.engine.Engine - INFO - [cached since 64.41s ago] (4,)
2026-05-24 14:24:58,702 - sqlalchemy.engine.Engine - INFO - ROLLBACK
2026-05-24 14:25:06,841 - sqlalchemy.engine.Engine - INFO - BEGIN (implicit)
2026-05-24 14:25:06,842 - sqlalchemy.engine.Engine - INFO - SELECT users.id, users.email, users.password, users.created_at, users.updated_at 
FROM users 
WHERE users.email = $1::VARCHAR
2026-05-24 14:25:06,842 - sqlalchemy.engine.Engine - INFO - [cached since 171.9s ago] ('bala@gmail.com',)
2026-05-24 14:25:07,310 - sqlalchemy.engine.Engine - INFO - ROLLBACK
2026-05-24 14:26:47,833 - sqlalchemy.engine.Engine - INFO - BEGIN (implicit)
2026-05-24 14:26:47,834 - sqlalchemy.engine.Engine - INFO - SELECT users.id, users.email, users.password, users.created_at, users.updated_at 
FROM users 
WHERE users.email = $1::VARCHAR
2026-05-24 14:26:47,834 - sqlalchemy.engine.Engine - INFO - [cached since 272.9s ago] ('bala@gmail.com',)
2026-05-24 14:26:47,839 - sqlalchemy.engine.Engine - INFO - INSERT INTO projects (title, description, owner_id) VALUES ($1::VARCHAR, $2::VARCHAR, $3::INTEGER) RETURNING projects.id
2026-05-24 14:26:47,840 - sqlalchemy.engine.Engine - INFO - [generated in 0.00174s] ('Nexus PM Backend', 'Back architecture', 4)
2026-05-24 14:26:47,844 - sqlalchemy.engine.Engine - INFO - COMMIT
2026-05-24 14:26:47,913 - sqlalchemy.engine.Engine - INFO - BEGIN (implicit)
2026-05-24 14:26:47,915 - sqlalchemy.engine.Engine - INFO - SELECT projects.id, projects.title, projects.description, projects.owner_id 
FROM projects 
WHERE projects.id = $1::INTEGER
2026-05-24 14:26:47,915 - sqlalchemy.engine.Engine - INFO - [generated in 0.00059s] (3,)
2026-05-24 14:26:47,919 - sqlalchemy.engine.Engine - INFO - ROLLBACK
2026-05-24 14:27:10,894 - sqlalchemy.engine.Engine - INFO - BEGIN (implicit)
2026-05-24 14:27:10,895 - sqlalchemy.engine.Engine - INFO - SELECT users.id, users.email, users.password, users.created_at, users.updated_at 
FROM users 
WHERE users.email = $1::VARCHAR
2026-05-24 14:27:10,896 - sqlalchemy.engine.Engine - INFO - [cached since 296s ago] ('bala@gmail.com',)
2026-05-24 14:27:10,898 - sqlalchemy.engine.Engine - INFO - SELECT projects.id, projects.title, projects.description, projects.owner_id 
FROM projects 
WHERE projects.owner_id = $1::INTEGER
2026-05-24 14:27:10,899 - sqlalchemy.engine.Engine - INFO - [cached since 296s ago] (4,)
2026-05-24 14:27:10,901 - sqlalchemy.engine.Engine - INFO - ROLLBACK
2026-05-24 14:27:57,320 - main - INFO - Shutting down Nexus PM API...
2026-05-24 22:55:06,750 - main - INFO - Starting up Nexus PM API...
2026-05-24 22:55:06,945 - sqlalchemy.engine.Engine - INFO - select pg_catalog.version()
2026-05-24 22:55:06,945 - sqlalchemy.engine.Engine - INFO - [raw sql] ()
2026-05-24 22:55:06,989 - sqlalchemy.engine.Engine - INFO - select current_schema()
2026-05-24 22:55:06,989 - sqlalchemy.engine.Engine - INFO - [raw sql] ()
2026-05-24 22:55:06,996 - sqlalchemy.engine.Engine - INFO - show standard_conforming_strings
2026-05-24 22:55:06,997 - sqlalchemy.engine.Engine - INFO - [raw sql] ()
2026-05-24 22:55:06,999 - sqlalchemy.engine.Engine - INFO - BEGIN (implicit)
2026-05-24 22:55:07,006 - sqlalchemy.engine.Engine - INFO - SELECT pg_catalog.pg_class.relname 
FROM pg_catalog.pg_class JOIN pg_catalog.pg_namespace ON pg_catalog.pg_namespace.oid = pg_catalog.pg_class.relnamespace 
WHERE pg_catalog.pg_class.relname = $1::VARCHAR AND pg_catalog.pg_class.relkind = ANY (ARRAY[$2::VARCHAR, $3::VARCHAR, $4::VARCHAR, $5::VARCHAR, $6::VARCHAR]) AND pg_catalog.pg_table_is_visible(pg_catalog.pg_class.oid) AND pg_catalog.pg_namespace.nspname != $7::VARCHAR
2026-05-24 22:55:07,007 - sqlalchemy.engine.Engine - INFO - [generated in 0.00106s] ('users', 'r', 'p', 'f', 'v', 'm', 'pg_catalog')
2026-05-24 22:55:07,092 - sqlalchemy.engine.Engine - INFO - SELECT pg_catalog.pg_class.relname 
FROM pg_catalog.pg_class JOIN pg_catalog.pg_namespace ON pg_catalog.pg_namespace.oid = pg_catalog.pg_class.relnamespace 
WHERE pg_catalog.pg_class.relname = $1::VARCHAR AND pg_catalog.pg_class.relkind = ANY (ARRAY[$2::VARCHAR, $3::VARCHAR, $4::VARCHAR, $5::VARCHAR, $6::VARCHAR]) AND pg_catalog.pg_table_is_visible(pg_catalog.pg_class.oid) AND pg_catalog.pg_namespace.nspname != $7::VARCHAR
2026-05-24 22:55:07,093 - sqlalchemy.engine.Engine - INFO - [cached since 0.08729s ago] ('projects', 'r', 'p', 'f', 'v', 'm', 'pg_catalog')
2026-05-24 22:55:07,094 - sqlalchemy.engine.Engine - INFO - SELECT pg_catalog.pg_class.relname 
FROM pg_catalog.pg_class JOIN pg_catalog.pg_namespace ON pg_catalog.pg_namespace.oid = pg_catalog.pg_class.relnamespace 
WHERE pg_catalog.pg_class.relname = $1::VARCHAR AND pg_catalog.pg_class.relkind = ANY (ARRAY[$2::VARCHAR, $3::VARCHAR, $4::VARCHAR, $5::VARCHAR, $6::VARCHAR]) AND pg_catalog.pg_table_is_visible(pg_catalog.pg_class.oid) AND pg_catalog.pg_namespace.nspname != $7::VARCHAR
2026-05-24 22:55:07,095 - sqlalchemy.engine.Engine - INFO - [cached since 0.08955s ago] ('tasks', 'r', 'p', 'f', 'v', 'm', 'pg_catalog')
2026-05-24 22:55:07,097 - sqlalchemy.engine.Engine - INFO - 
CREATE TABLE tasks (
	id SERIAL NOT NULL, 
	title VARCHAR NOT NULL, 
	description VARCHAR, 
	status VARCHAR, 
	priority VARCHAR, 
	due_date TIMESTAMP WITH TIME ZONE, 
	project_id INTEGER, 
	assigned_to INTEGER, 
	created_at TIMESTAMP WITH TIME ZONE, 
	updated_at TIMESTAMP WITH TIME ZONE, 
	PRIMARY KEY (id), 
	FOREIGN KEY(project_id) REFERENCES projects (id), 
	FOREIGN KEY(assigned_to) REFERENCES users (id)
)


2026-05-24 22:55:07,098 - sqlalchemy.engine.Engine - INFO - [no key 0.00059s] ()
2026-05-24 22:55:07,305 - sqlalchemy.engine.Engine - INFO - CREATE INDEX ix_tasks_id ON tasks (id)
2026-05-24 22:55:07,306 - sqlalchemy.engine.Engine - INFO - [no key 0.00057s] ()
2026-05-24 22:55:07,311 - sqlalchemy.engine.Engine - INFO - COMMIT
2026-05-24 22:55:07,314 - main - INFO - Database tables created successfully
2026-05-24 23:02:16,419 - main - INFO - Shutting down Nexus PM API...
2026-05-24 23:02:20,338 - main - INFO - Starting up Nexus PM API...
2026-05-24 23:02:20,517 - sqlalchemy.engine.Engine - INFO - select pg_catalog.version()
2026-05-24 23:02:20,518 - sqlalchemy.engine.Engine - INFO - [raw sql] ()
2026-05-24 23:02:20,522 - sqlalchemy.engine.Engine - INFO - select current_schema()
2026-05-24 23:02:20,522 - sqlalchemy.engine.Engine - INFO - [raw sql] ()
2026-05-24 23:02:20,525 - sqlalchemy.engine.Engine - INFO - show standard_conforming_strings
2026-05-24 23:02:20,525 - sqlalchemy.engine.Engine - INFO - [raw sql] ()
2026-05-24 23:02:20,528 - sqlalchemy.engine.Engine - INFO - BEGIN (implicit)
2026-05-24 23:02:20,534 - sqlalchemy.engine.Engine - INFO - SELECT pg_catalog.pg_class.relname 
FROM pg_catalog.pg_class JOIN pg_catalog.pg_namespace ON pg_catalog.pg_namespace.oid = pg_catalog.pg_class.relnamespace 
WHERE pg_catalog.pg_class.relname = $1::VARCHAR AND pg_catalog.pg_class.relkind = ANY (ARRAY[$2::VARCHAR, $3::VARCHAR, $4::VARCHAR, $5::VARCHAR, $6::VARCHAR]) AND pg_catalog.pg_table_is_visible(pg_catalog.pg_class.oid) AND pg_catalog.pg_namespace.nspname != $7::VARCHAR
2026-05-24 23:02:20,535 - sqlalchemy.engine.Engine - INFO - [generated in 0.00095s] ('users', 'r', 'p', 'f', 'v', 'm', 'pg_catalog')
2026-05-24 23:02:20,548 - sqlalchemy.engine.Engine - INFO - SELECT pg_catalog.pg_class.relname 
FROM pg_catalog.pg_class JOIN pg_catalog.pg_namespace ON pg_catalog.pg_namespace.oid = pg_catalog.pg_class.relnamespace 
WHERE pg_catalog.pg_class.relname = $1::VARCHAR AND pg_catalog.pg_class.relkind = ANY (ARRAY[$2::VARCHAR, $3::VARCHAR, $4::VARCHAR, $5::VARCHAR, $6::VARCHAR]) AND pg_catalog.pg_table_is_visible(pg_catalog.pg_class.oid) AND pg_catalog.pg_namespace.nspname != $7::VARCHAR
2026-05-24 23:02:20,548 - sqlalchemy.engine.Engine - INFO - [cached since 0.01439s ago] ('projects', 'r', 'p', 'f', 'v', 'm', 'pg_catalog')
2026-05-24 23:02:20,550 - sqlalchemy.engine.Engine - INFO - SELECT pg_catalog.pg_class.relname 
FROM pg_catalog.pg_class JOIN pg_catalog.pg_namespace ON pg_catalog.pg_namespace.oid = pg_catalog.pg_class.relnamespace 
WHERE pg_catalog.pg_class.relname = $1::VARCHAR AND pg_catalog.pg_class.relkind = ANY (ARRAY[$2::VARCHAR, $3::VARCHAR, $4::VARCHAR, $5::VARCHAR, $6::VARCHAR]) AND pg_catalog.pg_table_is_visible(pg_catalog.pg_class.oid) AND pg_catalog.pg_namespace.nspname != $7::VARCHAR
2026-05-24 23:02:20,551 - sqlalchemy.engine.Engine - INFO - [cached since 0.01668s ago] ('tasks', 'r', 'p', 'f', 'v', 'm', 'pg_catalog')
2026-05-24 23:02:20,553 - sqlalchemy.engine.Engine - INFO - COMMIT
2026-05-24 23:02:20,554 - main - INFO - Database tables created successfully
2026-05-24 23:02:30,913 - main - INFO - Shutting down Nexus PM API...
2026-05-24 23:02:38,916 - main - INFO - Starting up Nexus PM API...
2026-05-24 23:02:39,175 - sqlalchemy.engine.Engine - INFO - select pg_catalog.version()
2026-05-24 23:02:39,176 - sqlalchemy.engine.Engine - INFO - [raw sql] ()
2026-05-24 23:02:39,179 - sqlalchemy.engine.Engine - INFO - select current_schema()
2026-05-24 23:02:39,180 - sqlalchemy.engine.Engine - INFO - [raw sql] ()
2026-05-24 23:02:39,183 - sqlalchemy.engine.Engine - INFO - show standard_conforming_strings
2026-05-24 23:02:39,183 - sqlalchemy.engine.Engine - INFO - [raw sql] ()
2026-05-24 23:02:39,186 - sqlalchemy.engine.Engine - INFO - BEGIN (implicit)
2026-05-24 23:02:39,196 - sqlalchemy.engine.Engine - INFO - SELECT pg_catalog.pg_class.relname 
FROM pg_catalog.pg_class JOIN pg_catalog.pg_namespace ON pg_catalog.pg_namespace.oid = pg_catalog.pg_class.relnamespace 
WHERE pg_catalog.pg_class.relname = $1::VARCHAR AND pg_catalog.pg_class.relkind = ANY (ARRAY[$2::VARCHAR, $3::VARCHAR, $4::VARCHAR, $5::VARCHAR, $6::VARCHAR]) AND pg_catalog.pg_table_is_visible(pg_catalog.pg_class.oid) AND pg_catalog.pg_namespace.nspname != $7::VARCHAR
2026-05-24 23:02:39,197 - sqlalchemy.engine.Engine - INFO - [generated in 0.00114s] ('users', 'r', 'p', 'f', 'v', 'm', 'pg_catalog')
2026-05-24 23:02:39,213 - sqlalchemy.engine.Engine - INFO - SELECT pg_catalog.pg_class.relname 
FROM pg_catalog.pg_class JOIN pg_catalog.pg_namespace ON pg_catalog.pg_namespace.oid = pg_catalog.pg_class.relnamespace 
WHERE pg_catalog.pg_class.relname = $1::VARCHAR AND pg_catalog.pg_class.relkind = ANY (ARRAY[$2::VARCHAR, $3::VARCHAR, $4::VARCHAR, $5::VARCHAR, $6::VARCHAR]) AND pg_catalog.pg_table_is_visible(pg_catalog.pg_class.oid) AND pg_catalog.pg_namespace.nspname != $7::VARCHAR
2026-05-24 23:02:39,214 - sqlalchemy.engine.Engine - INFO - [cached since 0.01766s ago] ('projects', 'r', 'p', 'f', 'v', 'm', 'pg_catalog')
2026-05-24 23:02:39,217 - sqlalchemy.engine.Engine - INFO - SELECT pg_catalog.pg_class.relname 
FROM pg_catalog.pg_class JOIN pg_catalog.pg_namespace ON pg_catalog.pg_namespace.oid = pg_catalog.pg_class.relnamespace 
WHERE pg_catalog.pg_class.relname = $1::VARCHAR AND pg_catalog.pg_class.relkind = ANY (ARRAY[$2::VARCHAR, $3::VARCHAR, $4::VARCHAR, $5::VARCHAR, $6::VARCHAR]) AND pg_catalog.pg_table_is_visible(pg_catalog.pg_class.oid) AND pg_catalog.pg_namespace.nspname != $7::VARCHAR
2026-05-24 23:02:39,218 - sqlalchemy.engine.Engine - INFO - [cached since 0.02172s ago] ('tasks', 'r', 'p', 'f', 'v', 'm', 'pg_catalog')
2026-05-24 23:02:39,220 - sqlalchemy.engine.Engine - INFO - COMMIT
2026-05-24 23:02:39,222 - main - INFO - Database tables created successfully
2026-05-24 23:03:17,195 - main - INFO - Shutting down Nexus PM API...
2026-05-24 23:18:21,622 - main - INFO - Starting up Nexus PM API...
2026-05-24 23:18:21,883 - sqlalchemy.engine.Engine - INFO - select pg_catalog.version()
2026-05-24 23:18:21,884 - sqlalchemy.engine.Engine - INFO - [raw sql] ()
2026-05-24 23:18:21,889 - sqlalchemy.engine.Engine - INFO - select current_schema()
2026-05-24 23:18:21,890 - sqlalchemy.engine.Engine - INFO - [raw sql] ()
2026-05-24 23:18:21,892 - sqlalchemy.engine.Engine - INFO - show standard_conforming_strings
2026-05-24 23:18:21,893 - sqlalchemy.engine.Engine - INFO - [raw sql] ()
2026-05-24 23:18:21,898 - sqlalchemy.engine.Engine - INFO - BEGIN (implicit)
2026-05-24 23:18:21,910 - sqlalchemy.engine.Engine - INFO - SELECT pg_catalog.pg_class.relname 
FROM pg_catalog.pg_class JOIN pg_catalog.pg_namespace ON pg_catalog.pg_namespace.oid = pg_catalog.pg_class.relnamespace 
WHERE pg_catalog.pg_class.relname = $1::VARCHAR AND pg_catalog.pg_class.relkind = ANY (ARRAY[$2::VARCHAR, $3::VARCHAR, $4::VARCHAR, $5::VARCHAR, $6::VARCHAR]) AND pg_catalog.pg_table_is_visible(pg_catalog.pg_class.oid) AND pg_catalog.pg_namespace.nspname != $7::VARCHAR
2026-05-24 23:18:21,911 - sqlalchemy.engine.Engine - INFO - [generated in 0.00124s] ('users', 'r', 'p', 'f', 'v', 'm', 'pg_catalog')
2026-05-24 23:18:21,925 - sqlalchemy.engine.Engine - INFO - SELECT pg_catalog.pg_class.relname 
FROM pg_catalog.pg_class JOIN pg_catalog.pg_namespace ON pg_catalog.pg_namespace.oid = pg_catalog.pg_class.relnamespace 
WHERE pg_catalog.pg_class.relname = $1::VARCHAR AND pg_catalog.pg_class.relkind = ANY (ARRAY[$2::VARCHAR, $3::VARCHAR, $4::VARCHAR, $5::VARCHAR, $6::VARCHAR]) AND pg_catalog.pg_table_is_visible(pg_catalog.pg_class.oid) AND pg_catalog.pg_namespace.nspname != $7::VARCHAR
2026-05-24 23:18:21,925 - sqlalchemy.engine.Engine - INFO - [cached since 0.01517s ago] ('projects', 'r', 'p', 'f', 'v', 'm', 'pg_catalog')
2026-05-24 23:18:21,928 - sqlalchemy.engine.Engine - INFO - SELECT pg_catalog.pg_class.relname 
FROM pg_catalog.pg_class JOIN pg_catalog.pg_namespace ON pg_catalog.pg_namespace.oid = pg_catalog.pg_class.relnamespace 
WHERE pg_catalog.pg_class.relname = $1::VARCHAR AND pg_catalog.pg_class.relkind = ANY (ARRAY[$2::VARCHAR, $3::VARCHAR, $4::VARCHAR, $5::VARCHAR, $6::VARCHAR]) AND pg_catalog.pg_table_is_visible(pg_catalog.pg_class.oid) AND pg_catalog.pg_namespace.nspname != $7::VARCHAR
2026-05-24 23:18:21,928 - sqlalchemy.engine.Engine - INFO - [cached since 0.01803s ago] ('tasks', 'r', 'p', 'f', 'v', 'm', 'pg_catalog')
2026-05-24 23:18:21,930 - sqlalchemy.engine.Engine - INFO - COMMIT
2026-05-24 23:18:21,932 - main - INFO - Database tables created successfully
2026-05-24 23:19:29,324 - sqlalchemy.engine.Engine - INFO - BEGIN (implicit)
2026-05-24 23:19:29,336 - sqlalchemy.engine.Engine - INFO - SELECT users.id, users.email, users.password, users.created_at, users.updated_at 
FROM users 
WHERE users.email = $1::VARCHAR
2026-05-24 23:19:29,336 - sqlalchemy.engine.Engine - INFO - [generated in 0.00067s] ('reshma.kinnera@gmail.com',)
2026-05-24 23:19:29,872 - sqlalchemy.engine.Engine - INFO - INSERT INTO users (email, password, created_at, updated_at) VALUES ($1::VARCHAR, $2::VARCHAR, $3::TIMESTAMP WITHOUT TIME ZONE, $4::TIMESTAMP WITHOUT TIME ZONE) RETURNING users.id
2026-05-24 23:19:29,872 - sqlalchemy.engine.Engine - INFO - [generated in 0.00084s] ('reshma.kinnera@gmail.com', '$2b$12$sg02s7DsYi/8iopEgrb/3O4lMbIeBlhZtjW7UpM0iY4TateONYVtm', datetime.datetime(2026, 5, 24, 17, 49, 29, 872200), datetime.datetime(2026, 5, 24, 17, 49, 29, 872207))
2026-05-24 23:19:29,949 - sqlalchemy.engine.Engine - INFO - COMMIT
2026-05-24 23:19:29,953 - sqlalchemy.engine.Engine - INFO - BEGIN (implicit)
2026-05-24 23:19:29,956 - sqlalchemy.engine.Engine - INFO - SELECT users.id, users.email, users.password, users.created_at, users.updated_at 
FROM users 
WHERE users.id = $1::INTEGER
2026-05-24 23:19:29,957 - sqlalchemy.engine.Engine - INFO - [generated in 0.00068s] (5,)
2026-05-24 23:19:29,962 - sqlalchemy.engine.Engine - INFO - ROLLBACK
2026-05-24 23:19:39,344 - sqlalchemy.engine.Engine - INFO - BEGIN (implicit)
2026-05-24 23:19:39,345 - sqlalchemy.engine.Engine - INFO - SELECT users.id, users.email, users.password, users.created_at, users.updated_at 
FROM users 
WHERE users.email = $1::VARCHAR
2026-05-24 23:19:39,346 - sqlalchemy.engine.Engine - INFO - [cached since 10.01s ago] ('reshma.kinnera@gmail.com',)
2026-05-24 23:19:39,941 - sqlalchemy.engine.Engine - INFO - ROLLBACK
2026-05-24 23:20:20,948 - sqlalchemy.engine.Engine - INFO - BEGIN (implicit)
2026-05-24 23:20:20,949 - sqlalchemy.engine.Engine - INFO - SELECT users.id, users.email, users.password, users.created_at, users.updated_at 
FROM users 
WHERE users.email = $1::VARCHAR
2026-05-24 23:20:20,950 - sqlalchemy.engine.Engine - INFO - [cached since 51.61s ago] ('reshma.kinnera@gmail.com',)
2026-05-24 23:20:20,956 - sqlalchemy.engine.Engine - INFO - SELECT projects.id, projects.title, projects.description, projects.owner_id 
FROM projects 
WHERE projects.id = $1::INTEGER
2026-05-24 23:20:20,956 - sqlalchemy.engine.Engine - INFO - [generated in 0.00063s] (1,)
2026-05-24 23:20:20,964 - sqlalchemy.engine.Engine - INFO - ROLLBACK
2026-05-24 23:23:54,059 - sqlalchemy.engine.Engine - INFO - BEGIN (implicit)
2026-05-24 23:23:54,060 - sqlalchemy.engine.Engine - INFO - SELECT users.id, users.email, users.password, users.created_at, users.updated_at 
FROM users 
WHERE users.email = $1::VARCHAR
2026-05-24 23:23:54,061 - sqlalchemy.engine.Engine - INFO - [cached since 264.7s ago] ('reshma.kinnera@gmail.com',)
2026-05-24 23:23:54,065 - sqlalchemy.engine.Engine - INFO - INSERT INTO projects (title, description, owner_id) VALUES ($1::VARCHAR, $2::VARCHAR, $3::INTEGER) RETURNING projects.id
2026-05-24 23:23:54,066 - sqlalchemy.engine.Engine - INFO - [generated in 0.00065s] ('Reshma Project', 'Testing task creation', 5)
2026-05-24 23:23:54,094 - sqlalchemy.engine.Engine - INFO - COMMIT
2026-05-24 23:23:54,097 - sqlalchemy.engine.Engine - INFO - BEGIN (implicit)
2026-05-24 23:23:54,103 - sqlalchemy.engine.Engine - INFO - SELECT projects.id, projects.title, projects.description, projects.owner_id 
FROM projects 
WHERE projects.id = $1::INTEGER
2026-05-24 23:23:54,109 - sqlalchemy.engine.Engine - INFO - [generated in 0.00578s] (4,)
2026-05-24 23:23:54,119 - sqlalchemy.engine.Engine - INFO - ROLLBACK
2026-05-24 23:25:10,141 - sqlalchemy.engine.Engine - INFO - BEGIN (implicit)
2026-05-24 23:25:10,142 - sqlalchemy.engine.Engine - INFO - SELECT users.id, users.email, users.password, users.created_at, users.updated_at 
FROM users 
WHERE users.email = $1::VARCHAR
2026-05-24 23:25:10,143 - sqlalchemy.engine.Engine - INFO - [cached since 340.8s ago] ('reshma.kinnera@gmail.com',)
2026-05-24 23:25:10,146 - sqlalchemy.engine.Engine - INFO - SELECT projects.id, projects.title, projects.description, projects.owner_id 
FROM projects 
WHERE projects.id = $1::INTEGER
2026-05-24 23:25:10,146 - sqlalchemy.engine.Engine - INFO - [cached since 289.2s ago] (3,)
2026-05-24 23:25:10,148 - sqlalchemy.engine.Engine - INFO - ROLLBACK
2026-05-24 23:25:34,511 - sqlalchemy.engine.Engine - INFO - BEGIN (implicit)
2026-05-24 23:25:34,512 - sqlalchemy.engine.Engine - INFO - SELECT users.id, users.email, users.password, users.created_at, users.updated_at 
FROM users 
WHERE users.email = $1::VARCHAR
2026-05-24 23:25:34,513 - sqlalchemy.engine.Engine - INFO - [cached since 365.2s ago] ('reshma.kinnera@gmail.com',)
2026-05-24 23:25:34,515 - sqlalchemy.engine.Engine - INFO - SELECT projects.id, projects.title, projects.description, projects.owner_id 
FROM projects 
WHERE projects.id = $1::INTEGER
2026-05-24 23:25:34,516 - sqlalchemy.engine.Engine - INFO - [cached since 313.6s ago] (5,)
2026-05-24 23:25:34,518 - sqlalchemy.engine.Engine - INFO - ROLLBACK
2026-05-24 23:25:43,556 - sqlalchemy.engine.Engine - INFO - BEGIN (implicit)
2026-05-24 23:25:43,557 - sqlalchemy.engine.Engine - INFO - SELECT users.id, users.email, users.password, users.created_at, users.updated_at 
FROM users 
WHERE users.email = $1::VARCHAR
2026-05-24 23:25:43,557 - sqlalchemy.engine.Engine - INFO - [cached since 374.2s ago] ('reshma.kinnera@gmail.com',)
2026-05-24 23:25:43,559 - sqlalchemy.engine.Engine - INFO - SELECT projects.id, projects.title, projects.description, projects.owner_id 
FROM projects 
WHERE projects.id = $1::INTEGER
2026-05-24 23:25:43,560 - sqlalchemy.engine.Engine - INFO - [cached since 322.6s ago] (3,)
2026-05-24 23:25:43,562 - sqlalchemy.engine.Engine - INFO - ROLLBACK
2026-05-24 23:26:11,566 - sqlalchemy.engine.Engine - INFO - BEGIN (implicit)
2026-05-24 23:26:11,567 - sqlalchemy.engine.Engine - INFO - SELECT users.id, users.email, users.password, users.created_at, users.updated_at 
FROM users 
WHERE users.email = $1::VARCHAR
2026-05-24 23:26:11,567 - sqlalchemy.engine.Engine - INFO - [cached since 402.2s ago] ('reshma.kinnera@gmail.com',)
2026-05-24 23:26:11,574 - sqlalchemy.engine.Engine - INFO - SELECT tasks.id, tasks.title, tasks.description, tasks.status, tasks.priority, tasks.due_date, tasks.project_id, tasks.assigned_to, tasks.created_at, tasks.updated_at 
FROM tasks JOIN projects ON projects.id = tasks.project_id 
WHERE projects.owner_id = $1::INTEGER
2026-05-24 23:26:11,574 - sqlalchemy.engine.Engine - INFO - [generated in 0.00069s] (5,)
2026-05-24 23:26:11,586 - sqlalchemy.engine.Engine - INFO - ROLLBACK
2026-05-24 23:26:18,471 - sqlalchemy.engine.Engine - INFO - BEGIN (implicit)
2026-05-24 23:26:18,472 - sqlalchemy.engine.Engine - INFO - SELECT users.id, users.email, users.password, users.created_at, users.updated_at 
FROM users 
WHERE users.email = $1::VARCHAR
2026-05-24 23:26:18,473 - sqlalchemy.engine.Engine - INFO - [cached since 409.1s ago] ('reshma.kinnera@gmail.com',)
2026-05-24 23:26:18,475 - sqlalchemy.engine.Engine - INFO - SELECT projects.id, projects.title, projects.description, projects.owner_id 
FROM projects 
WHERE projects.id = $1::INTEGER
2026-05-24 23:26:18,476 - sqlalchemy.engine.Engine - INFO - [cached since 357.5s ago] (3,)
2026-05-24 23:26:18,478 - sqlalchemy.engine.Engine - INFO - ROLLBACK
2026-05-24 23:27:14,887 - sqlalchemy.engine.Engine - INFO - BEGIN (implicit)
2026-05-24 23:27:14,887 - sqlalchemy.engine.Engine - INFO - SELECT users.id, users.email, users.password, users.created_at, users.updated_at 
FROM users 
WHERE users.email = $1::VARCHAR
2026-05-24 23:27:14,888 - sqlalchemy.engine.Engine - INFO - [cached since 465.6s ago] ('reshma.kinnera@gmail.com',)
2026-05-24 23:27:14,891 - sqlalchemy.engine.Engine - INFO - SELECT projects.id, projects.title, projects.description, projects.owner_id 
FROM projects 
WHERE projects.id = $1::INTEGER
2026-05-24 23:27:14,891 - sqlalchemy.engine.Engine - INFO - [cached since 413.9s ago] (4,)
2026-05-24 23:27:14,895 - sqlalchemy.engine.Engine - INFO - INSERT INTO tasks (title, description, status, priority, due_date, project_id, assigned_to, created_at, updated_at) VALUES ($1::VARCHAR, $2::VARCHAR, $3::VARCHAR, $4::VARCHAR, $5::TIMESTAMP WITH TIME ZONE, $6::INTEGER, $7::INTEGER, $8::TIMESTAMP WITH TIME ZONE, $9::TIMESTAMP WITH TIME ZONE) RETURNING tasks.id
2026-05-24 23:27:14,895 - sqlalchemy.engine.Engine - INFO - [generated in 0.00073s] ('Build task module', 'Task system testing', 'TODO', 'HIGH', None, 4, None, datetime.datetime(2026, 5, 24, 17, 57, 14, 894936, tzinfo=datetime.timezone.utc), datetime.datetime(2026, 5, 24, 17, 57, 14, 894942, tzinfo=datetime.timezone.utc))
2026-05-24 23:27:14,973 - sqlalchemy.engine.Engine - INFO - COMMIT
2026-05-24 23:27:14,975 - sqlalchemy.engine.Engine - INFO - BEGIN (implicit)
2026-05-24 23:27:14,977 - sqlalchemy.engine.Engine - INFO - SELECT tasks.id, tasks.title, tasks.description, tasks.status, tasks.priority, tasks.due_date, tasks.project_id, tasks.assigned_to, tasks.created_at, tasks.updated_at 
FROM tasks 
WHERE tasks.id = $1::INTEGER
2026-05-24 23:27:14,978 - sqlalchemy.engine.Engine - INFO - [generated in 0.00061s] (1,)
2026-05-24 23:27:14,982 - sqlalchemy.engine.Engine - INFO - ROLLBACK
2026-05-24 23:27:49,310 - sqlalchemy.engine.Engine - INFO - BEGIN (implicit)
2026-05-24 23:27:49,310 - sqlalchemy.engine.Engine - INFO - SELECT users.id, users.email, users.password, users.created_at, users.updated_at 
FROM users 
WHERE users.email = $1::VARCHAR
2026-05-24 23:27:49,311 - sqlalchemy.engine.Engine - INFO - [cached since 500s ago] ('reshma.kinnera@gmail.com',)
2026-05-24 23:27:49,313 - sqlalchemy.engine.Engine - INFO - SELECT tasks.id, tasks.title, tasks.description, tasks.status, tasks.priority, tasks.due_date, tasks.project_id, tasks.assigned_to, tasks.created_at, tasks.updated_at 
FROM tasks JOIN projects ON projects.id = tasks.project_id 
WHERE projects.owner_id = $1::INTEGER
2026-05-24 23:27:49,314 - sqlalchemy.engine.Engine - INFO - [cached since 97.74s ago] (5,)
2026-05-24 23:27:49,341 - sqlalchemy.engine.Engine - INFO - ROLLBACK
